// Jest Snapshot v1, https://jestjs.io/docs/snapshot-testing

exports[`App renders correctly 1`] = `
<div>
  <div>
    [COMPONENT]
  </div>
</div>
`;
